Xcode 16.4
Build version 16F6
Apple Swift version 6.1.2 (swiftlang-6.1.2.1.2 clang-1700.0.13.5)
Target: arm64-apple-macosx15.0
swift-driver version: 1.120.5 18.5
{
  "devices" : {
    "com.apple.CoreSimulator.SimRuntime.xrOS-2-3" : [
      {
        "dataPath" : "\/Users\/runner\/Library\/Developer\/CoreSimulator\/Devices\/EFC27B51-A1AC-4C44-A0CE-43F84B5F0B68\/data",
        "dataPathSize" : 4096,
        "logPath" : "\/Users\/runner\/Library\/Logs\/CoreSimulator\/EFC27B51-A1AC-4C44-A0CE-43F84B5F0B68",
        "udid" : "EFC27B51-A1AC-4C44-A0CE-43F84B5F0B68",
        "isAvailable" : true,
        "deviceTypeIdentifier" : "com.apple.CoreSimulator.SimDeviceType.Apple-Vision-Pro",
        "state" : "Shutdown",
        "name" : "Apple Vision Pro"
      }
    ],
    "com.apple.CoreSimulator.SimRuntime.iOS-18-5" : [
      {
        "dataPath" : "\/Users\/runner\/Library\/Developer\/CoreSimulator\/Devices\/DC4CD8B3-4457-4153-9087-A0D7A2F9BFD9\/data",
        "dataPathSize" : 18337792,
        "logPath" : "\/Users\/runner\/Library\/Logs\/CoreSimulator\/DC4CD8B3-4457-4153-9087-A0D7A2F9BFD9",
        "udid" : "DC4CD8B3-4457-4153-9087-A0D7A2F9BFD9",
        "isAvailable" : true,
        "deviceTypeIdentifier" : "com.apple.CoreSimulator.SimDeviceType.iPhone-16-Pro",
        "state" : "Shutdown",
        "name" : "iPhone 16 Pro"
      },
      {
        "dataPath" : "\/Users\/runner\/Library\/Developer\/CoreSimulator\/Devices\/F1218AE5-3D29-4CE5-9D0F-6F21CEAA502C\/data",
        "dataPathSize" : 18337792,
        "logPath" : "\/Users\/runner\/Library\/Logs\/CoreSimulator\/F1218AE5-3D29-4CE5-9D0F-6F21CEAA502C",
        "udid" : "F1218AE5-3D29-4CE5-9D0F-6F21CEAA502C",
        "isAvailable" : true,
        "deviceTypeIdentifier" : "com.apple.CoreSimulator.SimDeviceType.iPhone-16-Pro-Max",
        "state" : "Shutdown",
        "name" : "iPhone 16 Pro Max"
      },
      {
        "dataPath" : "\/Users\/runner\/Library\/Developer\/CoreSimulator\/Devices\/51F5467F-16A9-4296-9C05-A74F91234967\/data",
        "dataPathSize" : 18337792,
        "logPath" : "\/Users\/runner\/Library\/Logs\/CoreSimulator\/51F5467F-16A9-4296-9C05-A74F91234967",
        "udid" : "51F5467F-16A9-4296-9C05-A74F91234967",
        "isAvailable" : true,
        "deviceTypeIdentifier" : "com.apple.CoreSimulator.SimDeviceType.iPhone-16e",
        "state" : "Shutdown",
        "name" : "iPhone 16e"
      },
      {
        "dataPath" : "\/Users\/runner\/Library\/Developer\/CoreSimulator\/Devices\/F0E646EF-4792-4F36-B48B-EC89B3A6B73B\/data",
        "dataPathSize" : 18337792,
        "logPath" : "\/Users\/runner\/Library\/Logs\/CoreSimulator\/F0E646EF-4792-4F36-B48B-EC89B3A6B73B",
        "udid" : "F0E646EF-4792-4F36-B48B-EC89B3A6B73B",
        "isAvailable" : true,
        "deviceTypeIdentifier" : "com.apple.CoreSimulator.SimDeviceType.iPhone-16",
        "state" : "Shutdown",
        "name" : "iPhone 16"
      },
      {
        "dataPath" : "\/Users\/runner\/Library\/Developer\/CoreSimulator\/Devices\/183F93DA-9B72-40B1-AD0E-287526E4E9D5\/data",
        "dataPathSize" : 18337792,
        "logPath" : "\/Users\/runner\/Library\/Logs\/CoreSimulator\/183F93DA-9B72-40B1-AD0E-287526E4E9D5",
        "udid" : "183F93DA-9B72-40B1-AD0E-287526E4E9D5",
        "isAvailable" : true,
        "deviceTypeIdentifier" : "com.apple.CoreSimulator.SimDeviceType.iPhone-16-Plus",
        "state" : "Shutdown",
        "name" : "iPhone 16 Plus"
      },
      {
        "dataPath" : "\/Users\/runner\/Library\/Developer\/CoreSimulator\/Devices\/22A3039C-6A45-47F4-82D4-80C58CA94379\/data",
        "dataPathSize" : 18337792,
        "logPath" : "\/Users\/runner\/Library\/Logs\/CoreSimulator\/22A3039C-6A45-47F4-82D4-80C58CA94379",
        "udid" : "22A3039C-6A45-47F4-82D4-80C58CA94379",
        "isAvailable" : true,
        "deviceTypeIdentifier" : "com.apple.CoreSimulator.SimDeviceType.iPhone-SE-3rd-generation",
        "state" : "Shutdown",
        "name" : "iPhone SE (3rd generation)"
      },
      {
        "dataPath" : "\/Users\/runner\/Library\/Developer\/CoreSimulator\/Devices\/2EDB2671-090C-4988-822E-421879ECE84C\/data",
        "dataPathSize" : 18337792,
        "logPath" : "\/Users\/runner\/Library\/Logs\/CoreSimulator\/2EDB2671-090C-4988-822E-421879ECE84C",
        "udid" : "2EDB2671-090C-4988-822E-421879ECE84C",
        "isAvailable" : true,
        "deviceTypeIdentifier" : "com.apple.CoreSimulator.SimDeviceType.iPad-Pro-11-inch-M4-8GB",
        "state" : "Shutdown",
        "name" : "iPad Pro 11-inch (M4)"
      },
      {
        "dataPath" : "\/Users\/runner\/Library\/Developer\/CoreSimulator\/Devices\/AFBB202F-0F39-4DD8-8C47-DAB97D7D9DF2\/data",
        "dataPathSize" : 18337792,
        "logPath" : "\/Users\/runner\/Library\/Logs\/CoreSimulator\/AFBB202F-0F39-4DD8-8C47-DAB97D7D9DF2",
        "udid" : "AFBB202F-0F39-4DD8-8C47-DAB97D7D9DF2",
        "isAvailable" : true,
        "deviceTypeIdentifier" : "com.apple.CoreSimulator.SimDeviceType.iPad-Pro-13-inch-M4-8GB",
        "state" : "Shutdown",
        "name" : "iPad Pro 13-inch (M4)"
      },
      {
        "dataPath" : "\/Users\/runner\/Library\/Developer\/CoreSimulator\/Devices\/773C1AA1-17A9-4EC1-8BE5-D4BB00DF3AC1\/data",
        "dataPathSize" : 18337792,
        "logPath" : "\/Users\/runner\/Library\/Logs\/CoreSimulator\/773C1AA1-17A9-4EC1-8BE5-D4BB00DF3AC1",
        "udid" : "773C1AA1-17A9-4EC1-8BE5-D4BB00DF3AC1",
        "isAvailable" : true,
        "deviceTypeIdentifier" : "com.apple.CoreSimulator.SimDeviceType.iPad-mini-A17-Pro",
        "state" : "Shutdown",
        "name" : "iPad mini (A17 Pro)"
      },
      {
        "dataPath" : "\/Users\/runner\/Library\/Developer\/CoreSimulator\/Devices\/7222C0FB-7BCD-457A-AD32-76C948D2602F\/data",
        "dataPathSize" : 18337792,
        "logPath" : "\/Users\/runner\/Library\/Logs\/CoreSimulator\/7222C0FB-7BCD-457A-AD32-76C948D2602F",
        "udid" : "7222C0FB-7BCD-457A-AD32-76C948D2602F",
        "isAvailable" : true,
        "deviceTypeIdentifier" : "com.apple.CoreSimulator.SimDeviceType.iPad-A16",
        "state" : "Shutdown",
        "name" : "iPad (A16)"
      },
      {
        "dataPath" : "\/Users\/runner\/Library\/Developer\/CoreSimulator\/Devices\/9747906A-4708-4563-B8B9-1FE571CEA8C5\/data",
        "dataPathSize" : 18337792,
        "logPath" : "\/Users\/runner\/Library\/Logs\/CoreSimulator\/9747906A-4708-4563-B8B9-1FE571CEA8C5",
        "udid" : "9747906A-4708-4563-B8B9-1FE571CEA8C5",
        "isAvailable" : true,
        "deviceTypeIdentifier" : "com.apple.CoreSimulator.SimDeviceType.iPad-Air-13-inch-M3",
        "state" : "Shutdown",
        "name" : "iPad Air 13-inch (M3)"
      },
      {
        "dataPath" : "\/Users\/runner\/Library\/Developer\/CoreSimulator\/Devices\/238ABD15-A231-49EB-9A8E-2A18835D05E4\/data",
        "dataPathSize" : 18337792,
        "logPath" : "\/Users\/runner\/Library\/Logs\/CoreSimulator\/238ABD15-A231-49EB-9A8E-2A18835D05E4",
        "udid" : "238ABD15-A231-49EB-9A8E-2A18835D05E4",
        "isAvailable" : true,
        "deviceTypeIdentifier" : "com.apple.CoreSimulator.SimDeviceType.iPad-Air-11-inch-M3",
        "state" : "Shutdown",
        "name" : "iPad Air 11-inch (M3)"
      },
      {
        "dataPath" : "\/Users\/runner\/Library\/Developer\/CoreSimulator\/Devices\/FB985C96-A632-42FC-A064-57F80EA1A0AF\/data",
        "dataPathSize" : 18337792,
        "logPath" : "\/Users\/runner\/Library\/Logs\/CoreSimulator\/FB985C96-A632-42FC-A064-57F80EA1A0AF",
        "udid" : "FB985C96-A632-42FC-A064-57F80EA1A0AF",
        "isAvailable" : true,
        "deviceTypeIdentifier" : "com.apple.CoreSimulator.SimDeviceType.iPad-Air-11-inch-M2",
        "state" : "Shutdown",
        "name" : "iPad Air 11-inch (M2)"
      },
      {
        "dataPath" : "\/Users\/runner\/Library\/Developer\/CoreSimulator\/Devices\/DEC44A2A-1119-4A2D-89C9-0A7E48485C1E\/data",
        "dataPathSize" : 18337792,
        "logPath" : "\/Users\/runner\/Library\/Logs\/CoreSimulator\/DEC44A2A-1119-4A2D-89C9-0A7E48485C1E",
        "udid" : "DEC44A2A-1119-4A2D-89C9-0A7E48485C1E",
        "isAvailable" : true,
        "deviceTypeIdentifier" : "com.apple.CoreSimulator.SimDeviceType.iPad-Air-13-inch-M2",
        "state" : "Shutdown",
        "name" : "iPad Air 13-inch (M2)"
      },
      {
        "dataPath" : "\/Users\/runner\/Library\/Developer\/CoreSimulator\/Devices\/B7718686-AA2A-4157-8E04-7FA4AE6F7BD0\/data",
        "dataPathSize" : 18337792,
        "logPath" : "\/Users\/runner\/Library\/Logs\/CoreSimulator\/B7718686-AA2A-4157-8E04-7FA4AE6F7BD0",
        "udid" : "B7718686-AA2A-4157-8E04-7FA4AE6F7BD0",
        "isAvailable" : true,
        "deviceTypeIdentifier" : "com.apple.CoreSimulator.SimDeviceType.iPad-10th-generation",
        "state" : "Shutdown",
        "name" : "iPad (10th generation)"
      }
    ],
    "com.apple.CoreSimulator.SimRuntime.watchOS-11-5" : [
      {
        "dataPath" : "\/Users\/runner\/Library\/Developer\/CoreSimulator\/Devices\/5CEB5B40-D06C-4798-9C06-C4D074009A67\/data",
        "dataPathSize" : 4096,
        "logPath" : "\/Users\/runner\/Library\/Logs\/CoreSimulator\/5CEB5B40-D06C-4798-9C06-C4D074009A67",
        "udid" : "5CEB5B40-D06C-4798-9C06-C4D074009A67",
        "isAvailable" : true,
        "deviceTypeIdentifier" : "com.apple.CoreSimulator.SimDeviceType.Apple-Watch-Series-10-46mm",
        "state" : "Shutdown",
        "name" : "Apple Watch Series 10 (46mm)"
      },
      {
        "dataPath" : "\/Users\/runner\/Library\/Developer\/CoreSimulator\/Devices\/8B7C128D-3DC1-4113-9C6B-27BEBCD7276F\/data",
        "dataPathSize" : 4096,
        "logPath" : "\/Users\/runner\/Library\/Logs\/CoreSimulator\/8B7C128D-3DC1-4113-9C6B-27BEBCD7276F",
        "udid" : "8B7C128D-3DC1-4113-9C6B-27BEBCD7276F",
        "isAvailable" : true,
        "deviceTypeIdentifier" : "com.apple.CoreSimulator.SimDeviceType.Apple-Watch-Series-10-42mm",
        "state" : "Shutdown",
        "name" : "Apple Watch Series 10 (42mm)"
      },
      {
        "dataPath" : "\/Users\/runner\/Library\/Developer\/CoreSimulator\/Devices\/D985DDDE-F756-466C-AE4F-F3A329F69FB5\/data",
        "dataPathSize" : 4096,
        "logPath" : "\/Users\/runner\/Library\/Logs\/CoreSimulator\/D985DDDE-F756-466C-AE4F-F3A329F69FB5",
        "udid" : "D985DDDE-F756-466C-AE4F-F3A329F69FB5",
        "isAvailable" : true,
        "deviceTypeIdentifier" : "com.apple.CoreSimulator.SimDeviceType.Apple-Watch-Ultra-2-49mm",
        "state" : "Shutdown",
        "name" : "Apple Watch Ultra 2 (49mm)"
      },
      {
        "dataPath" : "\/Users\/runner\/Library\/Developer\/CoreSimulator\/Devices\/0BCC5361-3077-41E5-92A6-B96E4C803CEC\/data",
        "dataPathSize" : 4096,
        "logPath" : "\/Users\/runner\/Library\/Logs\/CoreSimulator\/0BCC5361-3077-41E5-92A6-B96E4C803CEC",
        "udid" : "0BCC5361-3077-41E5-92A6-B96E4C803CEC",
        "isAvailable" : true,
        "deviceTypeIdentifier" : "com.apple.CoreSimulator.SimDeviceType.Apple-Watch-SE-44mm-2nd-generation",
        "state" : "Shutdown",
        "name" : "Apple Watch SE (44mm) (2nd generation)"
      },
      {
        "dataPath" : "\/Users\/runner\/Library\/Developer\/CoreSimulator\/Devices\/E906BAA9-1AD0-45F1-A534-A215A3C5AE6C\/data",
        "dataPathSize" : 4096,
        "logPath" : "\/Users\/runner\/Library\/Logs\/CoreSimulator\/E906BAA9-1AD0-45F1-A534-A215A3C5AE6C",
        "udid" : "E906BAA9-1AD0-45F1-A534-A215A3C5AE6C",
        "isAvailable" : true,
        "deviceTypeIdentifier" : "com.apple.CoreSimulator.SimDeviceType.Apple-Watch-SE-40mm-2nd-generation",
        "state" : "Shutdown",
        "name" : "Apple Watch SE (40mm) (2nd generation)"
      }
    ],
    "com.apple.CoreSimulator.SimRuntime.iOS-18-6" : [
      {
        "dataPath" : "\/Users\/runner\/Library\/Developer\/CoreSimulator\/Devices\/7FF9581C-A82C-472C-B005-492B077D1038\/data",
        "dataPathSize" : 18337792,
        "logPath" : "\/Users\/runner\/Library\/Logs\/CoreSimulator\/7FF9581C-A82C-472C-B005-492B077D1038",
        "udid" : "7FF9581C-A82C-472C-B005-492B077D1038",
        "isAvailable" : true,
        "deviceTypeIdentifier" : "com.apple.CoreSimulator.SimDeviceType.iPhone-16-Pro",
        "state" : "Shutdown",
        "name" : "iPhone 16 Pro"
      },
      {
        "dataPath" : "\/Users\/runner\/Library\/Developer\/CoreSimulator\/Devices\/BAE7F30B-6707-4BF4-8375-FE75C94DD2FA\/data",
        "dataPathSize" : 18337792,
        "logPath" : "\/Users\/runner\/Library\/Logs\/CoreSimulator\/BAE7F30B-6707-4BF4-8375-FE75C94DD2FA",
        "udid" : "BAE7F30B-6707-4BF4-8375-FE75C94DD2FA",
        "isAvailable" : true,
        "deviceTypeIdentifier" : "com.apple.CoreSimulator.SimDeviceType.iPhone-16-Pro-Max",
        "state" : "Shutdown",
        "name" : "iPhone 16 Pro Max"
      },
      {
        "dataPath" : "\/Users\/runner\/Library\/Developer\/CoreSimulator\/Devices\/8CBC396B-9510-42FF-AC70-614F5BD0FC86\/data",
        "dataPathSize" : 18337792,
        "logPath" : "\/Users\/runner\/Library\/Logs\/CoreSimulator\/8CBC396B-9510-42FF-AC70-614F5BD0FC86",
        "udid" : "8CBC396B-9510-42FF-AC70-614F5BD0FC86",
        "isAvailable" : true,
        "deviceTypeIdentifier" : "com.apple.CoreSimulator.SimDeviceType.iPhone-16e",
        "state" : "Shutdown",
        "name" : "iPhone 16e"
      },
      {
        "dataPath" : "\/Users\/runner\/Library\/Developer\/CoreSimulator\/Devices\/02010C24-263D-445A-8934-74FE019F15CA\/data",
        "dataPathSize" : 18337792,
        "logPath" : "\/Users\/runner\/Library\/Logs\/CoreSimulator\/02010C24-263D-445A-8934-74FE019F15CA",
        "udid" : "02010C24-263D-445A-8934-74FE019F15CA",
        "isAvailable" : true,
        "deviceTypeIdentifier" : "com.apple.CoreSimulator.SimDeviceType.iPhone-16",
        "state" : "Shutdown",
        "name" : "iPhone 16"
      },
      {
        "dataPath" : "\/Users\/runner\/Library\/Developer\/CoreSimulator\/Devices\/102FCD1A-4F6B-4B15-ABA9-774BC75ADB11\/data",
        "dataPathSize" : 18337792,
        "logPath" : "\/Users\/runner\/Library\/Logs\/CoreSimulator\/102FCD1A-4F6B-4B15-ABA9-774BC75ADB11",
        "udid" : "102FCD1A-4F6B-4B15-ABA9-774BC75ADB11",
        "isAvailable" : true,
        "deviceTypeIdentifier" : "com.apple.CoreSimulator.SimDeviceType.iPhone-16-Plus",
        "state" : "Shutdown",
        "name" : "iPhone 16 Plus"
      },
      {
        "dataPath" : "\/Users\/runner\/Library\/Developer\/CoreSimulator\/Devices\/8938AAA2-76B5-4D49-A228-383499B04C02\/data",
        "dataPathSize" : 18337792,
        "logPath" : "\/Users\/runner\/Library\/Logs\/CoreSimulator\/8938AAA2-76B5-4D49-A228-383499B04C02",
        "udid" : "8938AAA2-76B5-4D49-A228-383499B04C02",
        "isAvailable" : true,
        "deviceTypeIdentifier" : "com.apple.CoreSimulator.SimDeviceType.iPhone-SE-3rd-generation",
        "state" : "Shutdown",
        "name" : "iPhone SE (3rd generation)"
      },
      {
        "dataPath" : "\/Users\/runner\/Library\/Developer\/CoreSimulator\/Devices\/41C766F4-A950-4049-81B8-1B578B5804D8\/data",
        "dataPathSize" : 18337792,
        "logPath" : "\/Users\/runner\/Library\/Logs\/CoreSimulator\/41C766F4-A950-4049-81B8-1B578B5804D8",
        "udid" : "41C766F4-A950-4049-81B8-1B578B5804D8",
        "isAvailable" : true,
        "deviceTypeIdentifier" : "com.apple.CoreSimulator.SimDeviceType.iPad-Pro-11-inch-M4-8GB",
        "state" : "Shutdown",
        "name" : "iPad Pro 11-inch (M4)"
      },
      {
        "dataPath" : "\/Users\/runner\/Library\/Developer\/CoreSimulator\/Devices\/DD335931-190E-4075-B666-91C698C0CDEC\/data",
        "dataPathSize" : 18337792,
        "logPath" : "\/Users\/runner\/Library\/Logs\/CoreSimulator\/DD335931-190E-4075-B666-91C698C0CDEC",
        "udid" : "DD335931-190E-4075-B666-91C698C0CDEC",
        "isAvailable" : true,
        "deviceTypeIdentifier" : "com.apple.CoreSimulator.SimDeviceType.iPad-Pro-13-inch-M4-8GB",
        "state" : "Shutdown",
        "name" : "iPad Pro 13-inch (M4)"
      },
      {
        "dataPath" : "\/Users\/runner\/Library\/Developer\/CoreSimulator\/Devices\/458323E3-9E85-4764-B868-F02CE9C4ADF0\/data",
        "dataPathSize" : 18337792,
        "logPath" : "\/Users\/runner\/Library\/Logs\/CoreSimulator\/458323E3-9E85-4764-B868-F02CE9C4ADF0",
        "udid" : "458323E3-9E85-4764-B868-F02CE9C4ADF0",
        "isAvailable" : true,
        "deviceTypeIdentifier" : "com.apple.CoreSimulator.SimDeviceType.iPad-A16",
        "state" : "Shutdown",
        "name" : "iPad (A16)"
      },
      {
        "dataPath" : "\/Users\/runner\/Library\/Developer\/CoreSimulator\/Devices\/24D6FA4F-CB44-41E0-B6E8-91374A95E4CA\/data",
        "dataPathSize" : 18337792,
        "logPath" : "\/Users\/runner\/Library\/Logs\/CoreSimulator\/24D6FA4F-CB44-41E0-B6E8-91374A95E4CA",
        "udid" : "24D6FA4F-CB44-41E0-B6E8-91374A95E4CA",
        "isAvailable" : true,
        "deviceTypeIdentifier" : "com.apple.CoreSimulator.SimDeviceType.iPad-Air-13-inch-M3",
        "state" : "Shutdown",
        "name" : "iPad Air 13-inch (M3)"
      },
      {
        "dataPath" : "\/Users\/runner\/Library\/Developer\/CoreSimulator\/Devices\/A1F6F219-8660-4BC0-B7E9-17BEE98456F5\/data",
        "dataPathSize" : 18337792,
        "logPath" : "\/Users\/runner\/Library\/Logs\/CoreSimulator\/A1F6F219-8660-4BC0-B7E9-17BEE98456F5",
        "udid" : "A1F6F219-8660-4BC0-B7E9-17BEE98456F5",
        "isAvailable" : true,
        "deviceTypeIdentifier" : "com.apple.CoreSimulator.SimDeviceType.iPad-Air-11-inch-M3",
        "state" : "Shutdown",
        "name" : "iPad Air 11-inch (M3)"
      },
      {
        "dataPath" : "\/Users\/runner\/Library\/Developer\/CoreSimulator\/Devices\/6CE4BAD1-E547-4D95-B130-FBCDCE49282B\/data",
        "dataPathSize" : 18337792,
        "logPath" : "\/Users\/runner\/Library\/Logs\/CoreSimulator\/6CE4BAD1-E547-4D95-B130-FBCDCE49282B",
        "udid" : "6CE4BAD1-E547-4D95-B130-FBCDCE49282B",
        "isAvailable" : true,
        "deviceTypeIdentifier" : "com.apple.CoreSimulator.SimDeviceType.iPad-Air-11-inch-M2",
        "state" : "Shutdown",
        "name" : "iPad Air 11-inch (M2)"
      },
      {
        "dataPath" : "\/Users\/runner\/Library\/Developer\/CoreSimulator\/Devices\/6AF871A0-5FC9-4DA0-92D3-D60A3F3986E0\/data",
        "dataPathSize" : 18337792,
        "logPath" : "\/Users\/runner\/Library\/Logs\/CoreSimulator\/6AF871A0-5FC9-4DA0-92D3-D60A3F3986E0",
        "udid" : "6AF871A0-5FC9-4DA0-92D3-D60A3F3986E0",
        "isAvailable" : true,
        "deviceTypeIdentifier" : "com.apple.CoreSimulator.SimDeviceType.iPad-Air-13-inch-M2",
        "state" : "Shutdown",
        "name" : "iPad Air 13-inch (M2)"
      },
      {
        "dataPath" : "\/Users\/runner\/Library\/Developer\/CoreSimulator\/Devices\/417FB14E-FFC0-4FB1-B6D6-BA85C2FFC3D5\/data",
        "dataPathSize" : 18337792,
        "logPath" : "\/Users\/runner\/Library\/Logs\/CoreSimulator\/417FB14E-FFC0-4FB1-B6D6-BA85C2FFC3D5",
        "udid" : "417FB14E-FFC0-4FB1-B6D6-BA85C2FFC3D5",
        "isAvailable" : true,
        "deviceTypeIdentifier" : "com.apple.CoreSimulator.SimDeviceType.iPad-mini-A17-Pro",
        "state" : "Shutdown",
        "name" : "iPad mini (A17 Pro)"
      },
      {
        "dataPath" : "\/Users\/runner\/Library\/Developer\/CoreSimulator\/Devices\/FF8C8404-A040-4C69-BE4F-258FA2571EA2\/data",
        "dataPathSize" : 18337792,
        "logPath" : "\/Users\/runner\/Library\/Logs\/CoreSimulator\/FF8C8404-A040-4C69-BE4F-258FA2571EA2",
        "udid" : "FF8C8404-A040-4C69-BE4F-258FA2571EA2",
        "isAvailable" : true,
        "deviceTypeIdentifier" : "com.apple.CoreSimulator.SimDeviceType.iPad-10th-generation",
        "state" : "Shutdown",
        "name" : "iPad (10th generation)"
      }
    ],
    "com.apple.CoreSimulator.SimRuntime.xrOS-2-4" : [
      {
        "dataPath" : "\/Users\/runner\/Library\/Developer\/CoreSimulator\/Devices\/136F9422-A9E1-4C19-88AF-45BB818E37BB\/data",
        "dataPathSize" : 4096,
        "logPath" : "\/Users\/runner\/Library\/Logs\/CoreSimulator\/136F9422-A9E1-4C19-88AF-45BB818E37BB",
        "udid" : "136F9422-A9E1-4C19-88AF-45BB818E37BB",
        "isAvailable" : true,
        "deviceTypeIdentifier" : "com.apple.CoreSimulator.SimDeviceType.Apple-Vision-Pro",
        "state" : "Shutdown",
        "name" : "Apple Vision Pro"
      }
    ],
    "com.apple.CoreSimulator.SimRuntime.tvOS-26-1" : [
      {
        "dataPath" : "\/Users\/runner\/Library\/Developer\/CoreSimulator\/Devices\/E4B678D1-F901-4F97-8FFA-6ECA9A4A31DE\/data",
        "dataPathSize" : 4096,
        "logPath" : "\/Users\/runner\/Library\/Logs\/CoreSimulator\/E4B678D1-F901-4F97-8FFA-6ECA9A4A31DE",
        "udid" : "E4B678D1-F901-4F97-8FFA-6ECA9A4A31DE",
        "isAvailable" : true,
        "deviceTypeIdentifier" : "com.apple.CoreSimulator.SimDeviceType.Apple-TV-4K-3rd-generation-4K",
        "state" : "Shutdown",
        "name" : "Apple TV 4K (3rd generation)"
      },
      {
        "dataPath" : "\/Users\/runner\/Library\/Developer\/CoreSimulator\/Devices\/235F618C-8B57-45F8-932D-2288D2254EC9\/data",
        "dataPathSize" : 4096,
        "logPath" : "\/Users\/runner\/Library\/Logs\/CoreSimulator\/235F618C-8B57-45F8-932D-2288D2254EC9",
        "udid" : "235F618C-8B57-45F8-932D-2288D2254EC9",
        "isAvailable" : true,
        "deviceTypeIdentifier" : "com.apple.CoreSimulator.SimDeviceType.Apple-TV-4K-3rd-generation-1080p",
        "state" : "Shutdown",
        "name" : "Apple TV 4K (3rd generation) (at 1080p)"
      },
      {
        "dataPath" : "\/Users\/runner\/Library\/Developer\/CoreSimulator\/Devices\/8C823284-2216-40F6-A00A-F56D1078A8E9\/data",
        "dataPathSize" : 4096,
        "logPath" : "\/Users\/runner\/Library\/Logs\/CoreSimulator\/8C823284-2216-40F6-A00A-F56D1078A8E9",
        "udid" : "8C823284-2216-40F6-A00A-F56D1078A8E9",
        "isAvailable" : true,
        "deviceTypeIdentifier" : "com.apple.CoreSimulator.SimDeviceType.Apple-TV-1080p",
        "state" : "Shutdown",
        "name" : "Apple TV"
      }
    ],
    "com.apple.CoreSimulator.SimRuntime.watchOS-26-2" : [
      {
        "dataPath" : "\/Users\/runner\/Library\/Developer\/CoreSimulator\/Devices\/F9625BA5-83D5-445D-A5C0-0767BE5CDBD5\/data",
        "dataPathSize" : 4096,
        "logPath" : "\/Users\/runner\/Library\/Logs\/CoreSimulator\/F9625BA5-83D5-445D-A5C0-0767BE5CDBD5",
        "udid" : "F9625BA5-83D5-445D-A5C0-0767BE5CDBD5",
        "isAvailable" : true,
        "deviceTypeIdentifier" : "com.apple.CoreSimulator.SimDeviceType.Apple-Watch-Series-11-46mm",
        "state" : "Shutdown",
        "name" : "Apple Watch Series 11 (46mm)"
      },
      {
        "dataPath" : "\/Users\/runner\/Library\/Developer\/CoreSimulator\/Devices\/4244F97E-CC09-4E7C-A7D9-3869305998DC\/data",
        "dataPathSize" : 4096,
        "logPath" : "\/Users\/runner\/Library\/Logs\/CoreSimulator\/4244F97E-CC09-4E7C-A7D9-3869305998DC",
        "udid" : "4244F97E-CC09-4E7C-A7D9-3869305998DC",
        "isAvailable" : true,
        "deviceTypeIdentifier" : "com.apple.CoreSimulator.SimDeviceType.Apple-Watch-Series-11-42mm",
        "state" : "Shutdown",
        "name" : "Apple Watch Series 11 (42mm)"
      },
      {
        "dataPath" : "\/Users\/runner\/Library\/Developer\/CoreSimulator\/Devices\/597EB14A-3CFE-4718-8961-8FAB6474710C\/data",
        "dataPathSize" : 4096,
        "logPath" : "\/Users\/runner\/Library\/Logs\/CoreSimulator\/597EB14A-3CFE-4718-8961-8FAB6474710C",
        "udid" : "597EB14A-3CFE-4718-8961-8FAB6474710C",
        "isAvailable" : true,
        "deviceTypeIdentifier" : "com.apple.CoreSimulator.SimDeviceType.Apple-Watch-Series-10-46mm",
        "state" : "Shutdown",
        "name" : "Apple Watch Series 10 (46mm)"
      },
      {
        "dataPath" : "\/Users\/runner\/Library\/Developer\/CoreSimulator\/Devices\/21BF5784-CC85-4DEC-93D9-27D928BA1835\/data",
        "dataPathSize" : 4096,
        "logPath" : "\/Users\/runner\/Library\/Logs\/CoreSimulator\/21BF5784-CC85-4DEC-93D9-27D928BA1835",
        "udid" : "21BF5784-CC85-4DEC-93D9-27D928BA1835",
        "isAvailable" : true,
        "deviceTypeIdentifier" : "com.apple.CoreSimulator.SimDeviceType.Apple-Watch-Series-10-42mm",
        "state" : "Shutdown",
        "name" : "Apple Watch Series 10 (42mm)"
      },
      {
        "dataPath" : "\/Users\/runner\/Library\/Developer\/CoreSimulator\/Devices\/417A7017-FD6A-4A50-9C62-54F34DF86C43\/data",
        "dataPathSize" : 4096,
        "logPath" : "\/Users\/runner\/Library\/Logs\/CoreSimulator\/417A7017-FD6A-4A50-9C62-54F34DF86C43",
        "udid" : "417A7017-FD6A-4A50-9C62-54F34DF86C43",
        "isAvailable" : true,
        "deviceTypeIdentifier" : "com.apple.CoreSimulator.SimDeviceType.Apple-Watch-Ultra-3-49mm",
        "state" : "Shutdown",
        "name" : "Apple Watch Ultra 3 (49mm)"
      },
      {
        "dataPath" : "\/Users\/runner\/Library\/Developer\/CoreSimulator\/Devices\/8942A10A-00F3-4120-A054-24DD1A111165\/data",
        "dataPathSize" : 4096,
        "logPath" : "\/Users\/runner\/Library\/Logs\/CoreSimulator\/8942A10A-00F3-4120-A054-24DD1A111165",
        "udid" : "8942A10A-00F3-4120-A054-24DD1A111165",
        "isAvailable" : true,
        "deviceTypeIdentifier" : "com.apple.CoreSimulator.SimDeviceType.Apple-Watch-Ultra-2-49mm",
        "state" : "Shutdown",
        "name" : "Apple Watch Ultra 2 (49mm)"
      },
      {
        "dataPath" : "\/Users\/runner\/Library\/Developer\/CoreSimulator\/Devices\/D67E2B20-D2ED-40CC-952B-622F115FD82A\/data",
        "dataPathSize" : 4096,
        "logPath" : "\/Users\/runner\/Library\/Logs\/CoreSimulator\/D67E2B20-D2ED-40CC-952B-622F115FD82A",
        "udid" : "D67E2B20-D2ED-40CC-952B-622F115FD82A",
        "isAvailable" : true,
        "deviceTypeIdentifier" : "com.apple.CoreSimulator.SimDeviceType.Apple-Watch-SE-3-44mm",
        "state" : "Shutdown",
        "name" : "Apple Watch SE 3 (44mm)"
      },
      {
        "dataPath" : "\/Users\/runner\/Library\/Developer\/CoreSimulator\/Devices\/B6363017-FC03-439C-965A-CCF7B08000F7\/data",
        "dataPathSize" : 4096,
        "logPath" : "\/Users\/runner\/Library\/Logs\/CoreSimulator\/B6363017-FC03-439C-965A-CCF7B08000F7",
        "udid" : "B6363017-FC03-439C-965A-CCF7B08000F7",
        "isAvailable" : true,
        "deviceTypeIdentifier" : "com.apple.CoreSimulator.SimDeviceType.Apple-Watch-SE-3-40mm",
        "state" : "Shutdown",
        "name" : "Apple Watch SE 3 (40mm)"
      },
      {
        "dataPath" : "\/Users\/runner\/Library\/Developer\/CoreSimulator\/Devices\/8B1C887A-ECE4-4D6A-9670-BEEDA4976C43\/data",
        "dataPathSize" : 4096,
        "logPath" : "\/Users\/runner\/Library\/Logs\/CoreSimulator\/8B1C887A-ECE4-4D6A-9670-BEEDA4976C43",
        "udid" : "8B1C887A-ECE4-4D6A-9670-BEEDA4976C43",
        "isAvailable" : true,
        "deviceTypeIdentifier" : "com.apple.CoreSimulator.SimDeviceType.Apple-Watch-SE-44mm-2nd-generation",
        "state" : "Shutdown",
        "name" : "Apple Watch SE (44mm) (2nd generation)"
      },
      {
        "dataPath" : "\/Users\/runner\/Library\/Developer\/CoreSimulator\/Devices\/3C75AC5A-ED4F-4408-8A7B-730768DB1CBF\/data",
        "dataPathSize" : 4096,
        "logPath" : "\/Users\/runner\/Library\/Logs\/CoreSimulator\/3C75AC5A-ED4F-4408-8A7B-730768DB1CBF",
        "udid" : "3C75AC5A-ED4F-4408-8A7B-730768DB1CBF",
        "isAvailable" : true,
        "deviceTypeIdentifier" : "com.apple.CoreSimulator.SimDeviceType.Apple-Watch-SE-40mm-2nd-generation",
        "state" : "Shutdown",
        "name" : "Apple Watch SE (40mm) (2nd generation)"
      }
    ],
    "com.apple.CoreSimulator.SimRuntime.xrOS-2-5" : [
      {
        "dataPath" : "\/Users\/runner\/Library\/Developer\/CoreSimulator\/Devices\/0C5BF083-23A9-419B-9CBD-8E2AA7E26265\/data",
        "dataPathSize" : 4096,
        "logPath" : "\/Users\/runner\/Library\/Logs\/CoreSimulator\/0C5BF083-23A9-419B-9CBD-8E2AA7E26265",
        "udid" : "0C5BF083-23A9-419B-9CBD-8E2AA7E26265",
        "isAvailable" : true,
        "deviceTypeIdentifier" : "com.apple.CoreSimulator.SimDeviceType.Apple-Vision-Pro",
        "state" : "Shutdown",
        "name" : "Apple Vision Pro"
      }
    ],
    "com.apple.CoreSimulator.SimRuntime.tvOS-26-2" : [
      {
        "dataPath" : "\/Users\/runner\/Library\/Developer\/CoreSimulator\/Devices\/A4C43FCF-105F-4952-9BA7-C092B7CF467A\/data",
        "dataPathSize" : 4096,
        "logPath" : "\/Users\/runner\/Library\/Logs\/CoreSimulator\/A4C43FCF-105F-4952-9BA7-C092B7CF467A",
        "udid" : "A4C43FCF-105F-4952-9BA7-C092B7CF467A",
        "isAvailable" : true,
        "deviceTypeIdentifier" : "com.apple.CoreSimulator.SimDeviceType.Apple-TV-4K-3rd-generation-4K",
        "state" : "Shutdown",
        "name" : "Apple TV 4K (3rd generation)"
      },
      {
        "dataPath" : "\/Users\/runner\/Library\/Developer\/CoreSimulator\/Devices\/311DFCE0-B221-4FF6-A9D8-B35E399D430F\/data",
        "dataPathSize" : 4096,
        "logPath" : "\/Users\/runner\/Library\/Logs\/CoreSimulator\/311DFCE0-B221-4FF6-A9D8-B35E399D430F",
        "udid" : "311DFCE0-B221-4FF6-A9D8-B35E399D430F",
        "isAvailable" : true,
        "deviceTypeIdentifier" : "com.apple.CoreSimulator.SimDeviceType.Apple-TV-4K-3rd-generation-1080p",
        "state" : "Shutdown",
        "name" : "Apple TV 4K (3rd generation) (at 1080p)"
      },
      {
        "dataPath" : "\/Users\/runner\/Library\/Developer\/CoreSimulator\/Devices\/6E303F13-1DA2-4A93-8ED9-187C6036E716\/data",
        "dataPathSize" : 4096,
        "logPath" : "\/Users\/runner\/Library\/Logs\/CoreSimulator\/6E303F13-1DA2-4A93-8ED9-187C6036E716",
        "udid" : "6E303F13-1DA2-4A93-8ED9-187C6036E716",
        "isAvailable" : true,
        "deviceTypeIdentifier" : "com.apple.CoreSimulator.SimDeviceType.Apple-TV-1080p",
        "state" : "Shutdown",
        "name" : "Apple TV"
      }
    ],
    "com.apple.CoreSimulator.SimRuntime.iOS-26-0" : [
      {
        "dataPath" : "\/Users\/runner\/Library\/Developer\/CoreSimulator\/Devices\/517BAAA1-7BAB-4B50-8B25-04EF0238019B\/data",
        "dataPathSize" : 18337792,
        "logPath" : "\/Users\/runner\/Library\/Logs\/CoreSimulator\/517BAAA1-7BAB-4B50-8B25-04EF0238019B",
        "udid" : "517BAAA1-7BAB-4B50-8B25-04EF0238019B",
        "isAvailable" : true,
        "deviceTypeIdentifier" : "com.apple.CoreSimulator.SimDeviceType.iPhone-17-Pro",
        "state" : "Shutdown",
        "name" : "iPhone 17 Pro"
      },
      {
        "dataPath" : "\/Users\/runner\/Library\/Developer\/CoreSimulator\/Devices\/CA359E70-5E9C-400C-A7E1-34013F7B088A\/data",
        "dataPathSize" : 18337792,
        "logPath" : "\/Users\/runner\/Library\/Logs\/CoreSimulator\/CA359E70-5E9C-400C-A7E1-34013F7B088A",
        "udid" : "CA359E70-5E9C-400C-A7E1-34013F7B088A",
        "isAvailable" : true,
        "deviceTypeIdentifier" : "com.apple.CoreSimulator.SimDeviceType.iPhone-17-Pro-Max",
        "state" : "Shutdown",
        "name" : "iPhone 17 Pro Max"
      },
      {
        "dataPath" : "\/Users\/runner\/Library\/Developer\/CoreSimulator\/Devices\/AB0FB058-2DF8-4824-A382-91FE8566B342\/data",
        "dataPathSize" : 18337792,
        "logPath" : "\/Users\/runner\/Library\/Logs\/CoreSimulator\/AB0FB058-2DF8-4824-A382-91FE8566B342",
        "udid" : "AB0FB058-2DF8-4824-A382-91FE8566B342",
        "isAvailable" : true,
        "deviceTypeIdentifier" : "com.apple.CoreSimulator.SimDeviceType.iPhone-Air",
        "state" : "Shutdown",
        "name" : "iPhone Air"
      },
      {
        "dataPath" : "\/Users\/runner\/Library\/Developer\/CoreSimulator\/Devices\/003F24D4-BA1A-4D48-A26E-C14D511E7472\/data",
        "dataPathSize" : 18337792,
        "logPath" : "\/Users\/runner\/Library\/Logs\/CoreSimulator\/003F24D4-BA1A-4D48-A26E-C14D511E7472",
        "udid" : "003F24D4-BA1A-4D48-A26E-C14D511E7472",
        "isAvailable" : true,
        "deviceTypeIdentifier" : "com.apple.CoreSimulator.SimDeviceType.iPhone-17",
        "state" : "Shutdown",
        "name" : "iPhone 17"
      },
      {
        "dataPath" : "\/Users\/runner\/Library\/Developer\/CoreSimulator\/Devices\/3C00406B-9DB5-4106-B5FD-132C84BF188A\/data",
        "dataPathSize" : 18337792,
        "logPath" : "\/Users\/runner\/Library\/Logs\/CoreSimulator\/3C00406B-9DB5-4106-B5FD-132C84BF188A",
        "udid" : "3C00406B-9DB5-4106-B5FD-132C84BF188A",
        "isAvailable" : true,
        "deviceTypeIdentifier" : "com.apple.CoreSimulator.SimDeviceType.iPhone-16-Pro",
        "state" : "Shutdown",
        "name" : "iPhone 16 Pro"
      },
      {
        "dataPath" : "\/Users\/runner\/Library\/Developer\/CoreSimulator\/Devices\/E1605B84-CF5A-4193-878D-3623BD8B90AE\/data",
        "dataPathSize" : 18337792,
        "logPath" : "\/Users\/runner\/Library\/Logs\/CoreSimulator\/E1605B84-CF5A-4193-878D-3623BD8B90AE",
        "udid" : "E1605B84-CF5A-4193-878D-3623BD8B90AE",
        "isAvailable" : true,
        "deviceTypeIdentifier" : "com.apple.CoreSimulator.SimDeviceType.iPhone-16-Pro-Max",
        "state" : "Shutdown",
        "name" : "iPhone 16 Pro Max"
      },
      {
        "dataPath" : "\/Users\/runner\/Library\/Developer\/CoreSimulator\/Devices\/4118C2C1-7E78-41EB-B816-3C75C7076F1E\/data",
        "dataPathSize" : 18337792,
        "logPath" : "\/Users\/runner\/Library\/Logs\/CoreSimulator\/4118C2C1-7E78-41EB-B816-3C75C7076F1E",
        "udid" : "4118C2C1-7E78-41EB-B816-3C75C7076F1E",
        "isAvailable" : true,
        "deviceTypeIdentifier" : "com.apple.CoreSimulator.SimDeviceType.iPhone-16e",
        "state" : "Shutdown",
        "name" : "iPhone 16e"
      },
      {
        "dataPath" : "\/Users\/runner\/Library\/Developer\/CoreSimulator\/Devices\/2D9C6CF6-FA7D-4D87-84C4-D5FA503F22B9\/data",
        "dataPathSize" : 18337792,
        "logPath" : "\/Users\/runner\/Library\/Logs\/CoreSimulator\/2D9C6CF6-FA7D-4D87-84C4-D5FA503F22B9",
        "udid" : "2D9C6CF6-FA7D-4D87-84C4-D5FA503F22B9",
        "isAvailable" : true,
        "deviceTypeIdentifier" : "com.apple.CoreSimulator.SimDeviceType.iPhone-16",
        "state" : "Shutdown",
        "name" : "iPhone 16"
      },
      {
        "dataPath" : "\/Users\/runner\/Library\/Developer\/CoreSimulator\/Devices\/2EE15100-41A2-4790-893A-050FC5FE5AA8\/data",
        "dataPathSize" : 18337792,
        "logPath" : "\/Users\/runner\/Library\/Logs\/CoreSimulator\/2EE15100-41A2-4790-893A-050FC5FE5AA8",
        "udid" : "2EE15100-41A2-4790-893A-050FC5FE5AA8",
        "isAvailable" : true,
        "deviceTypeIdentifier" : "com.apple.CoreSimulator.SimDeviceType.iPhone-16-Plus",
        "state" : "Shutdown",
        "name" : "iPhone 16 Plus"
      },
      {
        "dataPath" : "\/Users\/runner\/Library\/Developer\/CoreSimulator\/Devices\/F3967A6C-63E1-4323-9EA7-6C26D42F77A3\/data",
        "dataPathSize" : 18337792,
        "logPath" : "\/Users\/runner\/Library\/Logs\/CoreSimulator\/F3967A6C-63E1-4323-9EA7-6C26D42F77A3",
        "udid" : "F3967A6C-63E1-4323-9EA7-6C26D42F77A3",
        "isAvailable" : true,
        "deviceTypeIdentifier" : "com.apple.CoreSimulator.SimDeviceType.iPhone-SE-3rd-generation",
        "state" : "Shutdown",
        "name" : "iPhone SE (3rd generation)"
      },
      {
        "dataPath" : "\/Users\/runner\/Library\/Developer\/CoreSimulator\/Devices\/7EBB23D5-64E2-4DDB-B24F-86C16A07ED26\/data",
        "dataPathSize" : 18337792,
        "logPath" : "\/Users\/runner\/Library\/Logs\/CoreSimulator\/7EBB23D5-64E2-4DDB-B24F-86C16A07ED26",
        "udid" : "7EBB23D5-64E2-4DDB-B24F-86C16A07ED26",
        "isAvailable" : true,
        "deviceTypeIdentifier" : "com.apple.CoreSimulator.SimDeviceType.iPad-Pro-13-inch-M5-12GB",
        "state" : "Shutdown",
        "name" : "iPad Pro 13-inch (M5)"
      },
      {
        "dataPath" : "\/Users\/runner\/Library\/Developer\/CoreSimulator\/Devices\/07E2DE8A-D138-4013-A250-9EDE31AAB9DE\/data",
        "dataPathSize" : 18337792,
        "logPath" : "\/Users\/runner\/Library\/Logs\/CoreSimulator\/07E2DE8A-D138-4013-A250-9EDE31AAB9DE",
        "udid" : "07E2DE8A-D138-4013-A250-9EDE31AAB9DE",
        "isAvailable" : true,
        "deviceTypeIdentifier" : "com.apple.CoreSimulator.SimDeviceType.iPad-Pro-11-inch-M5-12GB",
        "state" : "Shutdown",
        "name" : "iPad Pro 11-inch (M5)"
      },
      {
        "dataPath" : "\/Users\/runner\/Library\/Developer\/CoreSimulator\/Devices\/CE25E477-AAC4-469F-9343-301D5ABCD9BC\/data",
        "dataPathSize" : 18337792,
        "logPath" : "\/Users\/runner\/Library\/Logs\/CoreSimulator\/CE25E477-AAC4-469F-9343-301D5ABCD9BC",
        "udid" : "CE25E477-AAC4-469F-9343-301D5ABCD9BC",
        "isAvailable" : true,
        "deviceTypeIdentifier" : "com.apple.CoreSimulator.SimDeviceType.iPad-Pro-11-inch-M4-8GB",
        "state" : "Shutdown",
        "name" : "iPad Pro 11-inch (M4)"
      },
      {
        "dataPath" : "\/Users\/runner\/Library\/Developer\/CoreSimulator\/Devices\/1A4FA0DD-F5CE-49FF-A6E2-1CAC22BE4C80\/data",
        "dataPathSize" : 18337792,
        "logPath" : "\/Users\/runner\/Library\/Logs\/CoreSimulator\/1A4FA0DD-F5CE-49FF-A6E2-1CAC22BE4C80",
        "udid" : "1A4FA0DD-F5CE-49FF-A6E2-1CAC22BE4C80",
        "isAvailable" : true,
        "deviceTypeIdentifier" : "com.apple.CoreSimulator.SimDeviceType.iPad-Pro-13-inch-M4-8GB",
        "state" : "Shutdown",
        "name" : "iPad Pro 13-inch (M4)"
      },
      {
        "dataPath" : "\/Users\/runner\/Library\/Developer\/CoreSimulator\/Devices\/B12E6DD0-E867-4D26-BFBA-2BD9C3D55DBD\/data",
        "dataPathSize" : 18337792,
        "logPath" : "\/Users\/runner\/Library\/Logs\/CoreSimulator\/B12E6DD0-E867-4D26-BFBA-2BD9C3D55DBD",
        "udid" : "B12E6DD0-E867-4D26-BFBA-2BD9C3D55DBD",
        "isAvailable" : true,
        "deviceTypeIdentifier" : "com.apple.CoreSimulator.SimDeviceType.iPad-mini-A17-Pro",
        "state" : "Shutdown",
        "name" : "iPad mini (A17 Pro)"
      },
      {
        "dataPath" : "\/Users\/runner\/Library\/Developer\/CoreSimulator\/Devices\/3869DFDE-0197-4B91-915D-90B3D279FE15\/data",
        "dataPathSize" : 18337792,
        "logPath" : "\/Users\/runner\/Library\/Logs\/CoreSimulator\/3869DFDE-0197-4B91-915D-90B3D279FE15",
        "udid" : "3869DFDE-0197-4B91-915D-90B3D279FE15",
        "isAvailable" : true,
        "deviceTypeIdentifier" : "com.apple.CoreSimulator.SimDeviceType.iPad-A16",
        "state" : "Shutdown",
        "name" : "iPad (A16)"
      },
      {
        "dataPath" : "\/Users\/runner\/Library\/Developer\/CoreSimulator\/Devices\/1262447B-91B2-4C0C-90E8-36537D183683\/data",
        "dataPathSize" : 18337792,
        "logPath" : "\/Users\/runner\/Library\/Logs\/CoreSimulator\/1262447B-91B2-4C0C-90E8-36537D183683",
        "udid" : "1262447B-91B2-4C0C-90E8-36537D183683",
        "isAvailable" : true,
        "deviceTypeIdentifier" : "com.apple.CoreSimulator.SimDeviceType.iPad-Air-13-inch-M3",
        "state" : "Shutdown",
        "name" : "iPad Air 13-inch (M3)"
      },
      {
        "dataPath" : "\/Users\/runner\/Library\/Developer\/CoreSimulator\/Devices\/244E1618-3993-4A44-B213-FA496A601843\/data",
        "dataPathSize" : 18337792,
        "logPath" : "\/Users\/runner\/Library\/Logs\/CoreSimulator\/244E1618-3993-4A44-B213-FA496A601843",
        "udid" : "244E1618-3993-4A44-B213-FA496A601843",
        "isAvailable" : true,
        "deviceTypeIdentifier" : "com.apple.CoreSimulator.SimDeviceType.iPad-Air-11-inch-M3",
        "state" : "Shutdown",
        "name" : "iPad Air 11-inch (M3)"
      },
      {
        "dataPath" : "\/Users\/runner\/Library\/Developer\/CoreSimulator\/Devices\/5DCA7372-1294-4245-AADE-E9938CC9119F\/data",
        "dataPathSize" : 18337792,
        "logPath" : "\/Users\/runner\/Library\/Logs\/CoreSimulator\/5DCA7372-1294-4245-AADE-E9938CC9119F",
        "udid" : "5DCA7372-1294-4245-AADE-E9938CC9119F",
        "isAvailable" : true,
        "deviceTypeIdentifier" : "com.apple.CoreSimulator.SimDeviceType.iPad-Air-11-inch-M2",
        "state" : "Shutdown",
        "name" : "iPad Air 11-inch (M2)"
      },
      {
        "dataPath" : "\/Users\/runner\/Library\/Developer\/CoreSimulator\/Devices\/DC7ED953-B711-4AC8-A414-A7008BA50DAD\/data",
        "dataPathSize" : 18337792,
        "logPath" : "\/Users\/runner\/Library\/Logs\/CoreSimulator\/DC7ED953-B711-4AC8-A414-A7008BA50DAD",
        "udid" : "DC7ED953-B711-4AC8-A414-A7008BA50DAD",
        "isAvailable" : true,
        "deviceTypeIdentifier" : "com.apple.CoreSimulator.SimDeviceType.iPad-Air-13-inch-M2",
        "state" : "Shutdown",
        "name" : "iPad Air 13-inch (M2)"
      },
      {
        "dataPath" : "\/Users\/runner\/Library\/Developer\/CoreSimulator\/Devices\/5A7C2682-DC41-42B4-A065-6477314C6107\/data",
        "dataPathSize" : 18337792,
        "logPath" : "\/Users\/runner\/Library\/Logs\/CoreSimulator\/5A7C2682-DC41-42B4-A065-6477314C6107",
        "udid" : "5A7C2682-DC41-42B4-A065-6477314C6107",
        "isAvailable" : true,
        "deviceTypeIdentifier" : "com.apple.CoreSimulator.SimDeviceType.iPad-10th-generation",
        "state" : "Shutdown",
        "name" : "iPad (10th generation)"
      }
    ],
    "com.apple.CoreSimulator.SimRuntime.xrOS-26-1" : [
      {
        "dataPath" : "\/Users\/runner\/Library\/Developer\/CoreSimulator\/Devices\/EB17C5F7-7C10-47FF-9344-F550DB0D244F\/data",
        "dataPathSize" : 4096,
        "logPath" : "\/Users\/runner\/Library\/Logs\/CoreSimulator\/EB17C5F7-7C10-47FF-9344-F550DB0D244F",
        "udid" : "EB17C5F7-7C10-47FF-9344-F550DB0D244F",
        "isAvailable" : true,
        "deviceTypeIdentifier" : "com.apple.CoreSimulator.SimDeviceType.Apple-Vision-Pro-4K",
        "state" : "Shutdown",
        "name" : "Apple Vision Pro"
      }
    ],
    "com.apple.CoreSimulator.SimRuntime.iOS-26-1" : [
      {
        "dataPath" : "\/Users\/runner\/Library\/Developer\/CoreSimulator\/Devices\/DBAE96AF-90B5-4387-B859-66348EF015C7\/data",
        "dataPathSize" : 18337792,
        "logPath" : "\/Users\/runner\/Library\/Logs\/CoreSimulator\/DBAE96AF-90B5-4387-B859-66348EF015C7",
        "udid" : "DBAE96AF-90B5-4387-B859-66348EF015C7",
        "isAvailable" : true,
        "deviceTypeIdentifier" : "com.apple.CoreSimulator.SimDeviceType.iPhone-17-Pro",
        "state" : "Shutdown",
        "name" : "iPhone 17 Pro"
      },
      {
        "dataPath" : "\/Users\/runner\/Library\/Developer\/CoreSimulator\/Devices\/1BF1F2D9-05B4-4B31-BE19-1031B4A0EA80\/data",
        "dataPathSize" : 18337792,
        "logPath" : "\/Users\/runner\/Library\/Logs\/CoreSimulator\/1BF1F2D9-05B4-4B31-BE19-1031B4A0EA80",
        "udid" : "1BF1F2D9-05B4-4B31-BE19-1031B4A0EA80",
        "isAvailable" : true,
        "deviceTypeIdentifier" : "com.apple.CoreSimulator.SimDeviceType.iPhone-17-Pro-Max",
        "state" : "Shutdown",
        "name" : "iPhone 17 Pro Max"
      },
      {
        "dataPath" : "\/Users\/runner\/Library\/Developer\/CoreSimulator\/Devices\/55DF797C-6847-4575-ABFA-4E2A08520774\/data",
        "dataPathSize" : 18337792,
        "logPath" : "\/Users\/runner\/Library\/Logs\/CoreSimulator\/55DF797C-6847-4575-ABFA-4E2A08520774",
        "udid" : "55DF797C-6847-4575-ABFA-4E2A08520774",
        "isAvailable" : true,
        "deviceTypeIdentifier" : "com.apple.CoreSimulator.SimDeviceType.iPhone-Air",
        "state" : "Shutdown",
        "name" : "iPhone Air"
      },
      {
        "dataPath" : "\/Users\/runner\/Library\/Developer\/CoreSimulator\/Devices\/3D025AD9-C9BB-46A3-BCB4-B84F592C53A0\/data",
        "dataPathSize" : 18337792,
        "logPath" : "\/Users\/runner\/Library\/Logs\/CoreSimulator\/3D025AD9-C9BB-46A3-BCB4-B84F592C53A0",
        "udid" : "3D025AD9-C9BB-46A3-BCB4-B84F592C53A0",
        "isAvailable" : true,
        "deviceTypeIdentifier" : "com.apple.CoreSimulator.SimDeviceType.iPhone-17",
        "state" : "Shutdown",
        "name" : "iPhone 17"
      },
      {
        "dataPath" : "\/Users\/runner\/Library\/Developer\/CoreSimulator\/Devices\/3F7F71D8-9EE4-4B63-84A8-6EBD0C5017BE\/data",
        "dataPathSize" : 18337792,
        "logPath" : "\/Users\/runner\/Library\/Logs\/CoreSimulator\/3F7F71D8-9EE4-4B63-84A8-6EBD0C5017BE",
        "udid" : "3F7F71D8-9EE4-4B63-84A8-6EBD0C5017BE",
        "isAvailable" : true,
        "deviceTypeIdentifier" : "com.apple.CoreSimulator.SimDeviceType.iPhone-16-Pro",
        "state" : "Shutdown",
        "name" : "iPhone 16 Pro"
      },
      {
        "dataPath" : "\/Users\/runner\/Library\/Developer\/CoreSimulator\/Devices\/920BDAA4-BD69-4998-9337-3B06B2C584F4\/data",
        "dataPathSize" : 18337792,
        "logPath" : "\/Users\/runner\/Library\/Logs\/CoreSimulator\/920BDAA4-BD69-4998-9337-3B06B2C584F4",
        "udid" : "920BDAA4-BD69-4998-9337-3B06B2C584F4",
        "isAvailable" : true,
        "deviceTypeIdentifier" : "com.apple.CoreSimulator.SimDeviceType.iPhone-16-Pro-Max",
        "state" : "Shutdown",
        "name" : "iPhone 16 Pro Max"
      },
      {
        "dataPath" : "\/Users\/runner\/Library\/Developer\/CoreSimulator\/Devices\/A1D6E20D-5C3F-46E8-88C8-9A88DB2C1D0E\/data",
        "dataPathSize" : 18337792,
        "logPath" : "\/Users\/runner\/Library\/Logs\/CoreSimulator\/A1D6E20D-5C3F-46E8-88C8-9A88DB2C1D0E",
        "udid" : "A1D6E20D-5C3F-46E8-88C8-9A88DB2C1D0E",
        "isAvailable" : true,
        "deviceTypeIdentifier" : "com.apple.CoreSimulator.SimDeviceType.iPhone-16e",
        "state" : "Shutdown",
        "name" : "iPhone 16e"
      },
      {
        "dataPath" : "\/Users\/runner\/Library\/Developer\/CoreSimulator\/Devices\/6D9FD9BD-F027-4EE5-83A6-BC98ED2603B0\/data",
        "dataPathSize" : 18337792,
        "logPath" : "\/Users\/runner\/Library\/Logs\/CoreSimulator\/6D9FD9BD-F027-4EE5-83A6-BC98ED2603B0",
        "udid" : "6D9FD9BD-F027-4EE5-83A6-BC98ED2603B0",
        "isAvailable" : true,
        "deviceTypeIdentifier" : "com.apple.CoreSimulator.SimDeviceType.iPhone-16",
        "state" : "Shutdown",
        "name" : "iPhone 16"
      },
      {
        "dataPath" : "\/Users\/runner\/Library\/Developer\/CoreSimulator\/Devices\/C1337AE6-D82D-4C09-B0BA-4437460B306E\/data",
        "dataPathSize" : 18337792,
        "logPath" : "\/Users\/runner\/Library\/Logs\/CoreSimulator\/C1337AE6-D82D-4C09-B0BA-4437460B306E",
        "udid" : "C1337AE6-D82D-4C09-B0BA-4437460B306E",
        "isAvailable" : true,
        "deviceTypeIdentifier" : "com.apple.CoreSimulator.SimDeviceType.iPhone-16-Plus",
        "state" : "Shutdown",
        "name" : "iPhone 16 Plus"
      },
      {
        "dataPath" : "\/Users\/runner\/Library\/Developer\/CoreSimulator\/Devices\/3EF44343-CDF7-4757-BAE2-47B813D8FF60\/data",
        "dataPathSize" : 18337792,
        "logPath" : "\/Users\/runner\/Library\/Logs\/CoreSimulator\/3EF44343-CDF7-4757-BAE2-47B813D8FF60",
        "udid" : "3EF44343-CDF7-4757-BAE2-47B813D8FF60",
        "isAvailable" : true,
        "deviceTypeIdentifier" : "com.apple.CoreSimulator.SimDeviceType.iPhone-SE-3rd-generation",
        "state" : "Shutdown",
        "name" : "iPhone SE (3rd generation)"
      },
      {
        "dataPath" : "\/Users\/runner\/Library\/Developer\/CoreSimulator\/Devices\/B673CC61-F30B-479A-9672-FA680127EE1F\/data",
        "dataPathSize" : 18337792,
        "logPath" : "\/Users\/runner\/Library\/Logs\/CoreSimulator\/B673CC61-F30B-479A-9672-FA680127EE1F",
        "udid" : "B673CC61-F30B-479A-9672-FA680127EE1F",
        "isAvailable" : true,
        "deviceTypeIdentifier" : "com.apple.CoreSimulator.SimDeviceType.iPad-Pro-13-inch-M5-12GB",
        "state" : "Shutdown",
        "name" : "iPad Pro 13-inch (M5)"
      },
      {
        "dataPath" : "\/Users\/runner\/Library\/Developer\/CoreSimulator\/Devices\/165A6108-1D5C-4AFB-94C8-64E25DA3E7B5\/data",
        "dataPathSize" : 18337792,
        "logPath" : "\/Users\/runner\/Library\/Logs\/CoreSimulator\/165A6108-1D5C-4AFB-94C8-64E25DA3E7B5",
        "udid" : "165A6108-1D5C-4AFB-94C8-64E25DA3E7B5",
        "isAvailable" : true,
        "deviceTypeIdentifier" : "com.apple.CoreSimulator.SimDeviceType.iPad-Pro-11-inch-M5-12GB",
        "state" : "Shutdown",
        "name" : "iPad Pro 11-inch (M5)"
      },
      {
        "dataPath" : "\/Users\/runner\/Library\/Developer\/CoreSimulator\/Devices\/38A0995A-759F-417D-ACED-70D43D6DBB82\/data",
        "dataPathSize" : 18337792,
        "logPath" : "\/Users\/runner\/Library\/Logs\/CoreSimulator\/38A0995A-759F-417D-ACED-70D43D6DBB82",
        "udid" : "38A0995A-759F-417D-ACED-70D43D6DBB82",
        "isAvailable" : true,
        "deviceTypeIdentifier" : "com.apple.CoreSimulator.SimDeviceType.iPad-Pro-11-inch-M4-8GB",
        "state" : "Shutdown",
        "name" : "iPad Pro 11-inch (M4)"
      },
      {
        "dataPath" : "\/Users\/runner\/Library\/Developer\/CoreSimulator\/Devices\/380AF256-AA90-49F1-BC8E-618736C734CB\/data",
        "dataPathSize" : 18337792,
        "logPath" : "\/Users\/runner\/Library\/Logs\/CoreSimulator\/380AF256-AA90-49F1-BC8E-618736C734CB",
        "udid" : "380AF256-AA90-49F1-BC8E-618736C734CB",
        "isAvailable" : true,
        "deviceTypeIdentifier" : "com.apple.CoreSimulator.SimDeviceType.iPad-Pro-13-inch-M4-8GB",
        "state" : "Shutdown",
        "name" : "iPad Pro 13-inch (M4)"
      },
      {
        "dataPath" : "\/Users\/runner\/Library\/Developer\/CoreSimulator\/Devices\/BAD1706E-E13F-444D-B19F-C7A451E7774A\/data",
        "dataPathSize" : 18337792,
        "logPath" : "\/Users\/runner\/Library\/Logs\/CoreSimulator\/BAD1706E-E13F-444D-B19F-C7A451E7774A",
        "udid" : "BAD1706E-E13F-444D-B19F-C7A451E7774A",
        "isAvailable" : true,
        "deviceTypeIdentifier" : "com.apple.CoreSimulator.SimDeviceType.iPad-A16",
        "state" : "Shutdown",
        "name" : "iPad (A16)"
      },
      {
        "dataPath" : "\/Users\/runner\/Library\/Developer\/CoreSimulator\/Devices\/40C16C1A-5BA0-41C6-99A5-355F9CBACD9F\/data",
        "dataPathSize" : 18337792,
        "logPath" : "\/Users\/runner\/Library\/Logs\/CoreSimulator\/40C16C1A-5BA0-41C6-99A5-355F9CBACD9F",
        "udid" : "40C16C1A-5BA0-41C6-99A5-355F9CBACD9F",
        "isAvailable" : true,
        "deviceTypeIdentifier" : "com.apple.CoreSimulator.SimDeviceType.iPad-Air-13-inch-M3",
        "state" : "Shutdown",
        "name" : "iPad Air 13-inch (M3)"
      },
      {
        "dataPath" : "\/Users\/runner\/Library\/Developer\/CoreSimulator\/Devices\/5DE60B78-C540-4CAE-BF3B-D31601C7ABBB\/data",
        "dataPathSize" : 18337792,
        "logPath" : "\/Users\/runner\/Library\/Logs\/CoreSimulator\/5DE60B78-C540-4CAE-BF3B-D31601C7ABBB",
        "udid" : "5DE60B78-C540-4CAE-BF3B-D31601C7ABBB",
        "isAvailable" : true,
        "deviceTypeIdentifier" : "com.apple.CoreSimulator.SimDeviceType.iPad-Air-11-inch-M3",
        "state" : "Shutdown",
        "name" : "iPad Air 11-inch (M3)"
      },
      {
        "dataPath" : "\/Users\/runner\/Library\/Developer\/CoreSimulator\/Devices\/B5D41CE2-3444-4312-8351-5A2B58E90C26\/data",
        "dataPathSize" : 18337792,
        "logPath" : "\/Users\/runner\/Library\/Logs\/CoreSimulator\/B5D41CE2-3444-4312-8351-5A2B58E90C26",
        "udid" : "B5D41CE2-3444-4312-8351-5A2B58E90C26",
        "isAvailable" : true,
        "deviceTypeIdentifier" : "com.apple.CoreSimulator.SimDeviceType.iPad-Air-11-inch-M2",
        "state" : "Shutdown",
        "name" : "iPad Air 11-inch (M2)"
      },
      {
        "dataPath" : "\/Users\/runner\/Library\/Developer\/CoreSimulator\/Devices\/D3B307C6-3981-42AF-9708-E15A72BECF2D\/data",
        "dataPathSize" : 18337792,
        "logPath" : "\/Users\/runner\/Library\/Logs\/CoreSimulator\/D3B307C6-3981-42AF-9708-E15A72BECF2D",
        "udid" : "D3B307C6-3981-42AF-9708-E15A72BECF2D",
        "isAvailable" : true,
        "deviceTypeIdentifier" : "com.apple.CoreSimulator.SimDeviceType.iPad-Air-13-inch-M2",
        "state" : "Shutdown",
        "name" : "iPad Air 13-inch (M2)"
      },
      {
        "dataPath" : "\/Users\/runner\/Library\/Developer\/CoreSimulator\/Devices\/CFF66741-12D5-44BF-BABB-29622D014BE2\/data",
        "dataPathSize" : 18337792,
        "logPath" : "\/Users\/runner\/Library\/Logs\/CoreSimulator\/CFF66741-12D5-44BF-BABB-29622D014BE2",
        "udid" : "CFF66741-12D5-44BF-BABB-29622D014BE2",
        "isAvailable" : true,
        "deviceTypeIdentifier" : "com.apple.CoreSimulator.SimDeviceType.iPad-mini-A17-Pro",
        "state" : "Shutdown",
        "name" : "iPad mini (A17 Pro)"
      },
      {
        "dataPath" : "\/Users\/runner\/Library\/Developer\/CoreSimulator\/Devices\/388BAFD3-DA76-4ACF-AB96-CB8111ABF99E\/data",
        "dataPathSize" : 18337792,
        "logPath" : "\/Users\/runner\/Library\/Logs\/CoreSimulator\/388BAFD3-DA76-4ACF-AB96-CB8111ABF99E",
        "udid" : "388BAFD3-DA76-4ACF-AB96-CB8111ABF99E",
        "isAvailable" : true,
        "deviceTypeIdentifier" : "com.apple.CoreSimulator.SimDeviceType.iPad-10th-generation",
        "state" : "Shutdown",
        "name" : "iPad (10th generation)"
      }
    ],
    "com.apple.CoreSimulator.SimRuntime.watchOS-26-1" : [
      {
        "dataPath" : "\/Users\/runner\/Library\/Developer\/CoreSimulator\/Devices\/A696AF57-89D8-49CC-A667-3590CA06E95E\/data",
        "dataPathSize" : 4096,
        "logPath" : "\/Users\/runner\/Library\/Logs\/CoreSimulator\/A696AF57-89D8-49CC-A667-3590CA06E95E",
        "udid" : "A696AF57-89D8-49CC-A667-3590CA06E95E",
        "isAvailable" : true,
        "deviceTypeIdentifier" : "com.apple.CoreSimulator.SimDeviceType.Apple-Watch-Series-11-46mm",
        "state" : "Shutdown",
        "name" : "Apple Watch Series 11 (46mm)"
      },
      {
        "dataPath" : "\/Users\/runner\/Library\/Developer\/CoreSimulator\/Devices\/8B0834CD-5430-4A24-856E-AEB91CABBCC2\/data",
        "dataPathSize" : 4096,
        "logPath" : "\/Users\/runner\/Library\/Logs\/CoreSimulator\/8B0834CD-5430-4A24-856E-AEB91CABBCC2",
        "udid" : "8B0834CD-5430-4A24-856E-AEB91CABBCC2",
        "isAvailable" : true,
        "deviceTypeIdentifier" : "com.apple.CoreSimulator.SimDeviceType.Apple-Watch-Series-11-42mm",
        "state" : "Shutdown",
        "name" : "Apple Watch Series 11 (42mm)"
      },
      {
        "dataPath" : "\/Users\/runner\/Library\/Developer\/CoreSimulator\/Devices\/A51534E7-EB72-465D-BE86-629AC2A8B5CB\/data",
        "dataPathSize" : 4096,
        "logPath" : "\/Users\/runner\/Library\/Logs\/CoreSimulator\/A51534E7-EB72-465D-BE86-629AC2A8B5CB",
        "udid" : "A51534E7-EB72-465D-BE86-629AC2A8B5CB",
        "isAvailable" : true,
        "deviceTypeIdentifier" : "com.apple.CoreSimulator.SimDeviceType.Apple-Watch-Series-10-46mm",
        "state" : "Shutdown",
        "name" : "Apple Watch Series 10 (46mm)"
      },
      {
        "dataPath" : "\/Users\/runner\/Library\/Developer\/CoreSimulator\/Devices\/C4ADA140-FEB3-4432-AB72-4AD48E0DF7D2\/data",
        "dataPathSize" : 4096,
        "logPath" : "\/Users\/runner\/Library\/Logs\/CoreSimulator\/C4ADA140-FEB3-4432-AB72-4AD48E0DF7D2",
        "udid" : "C4ADA140-FEB3-4432-AB72-4AD48E0DF7D2",
        "isAvailable" : true,
        "deviceTypeIdentifier" : "com.apple.CoreSimulator.SimDeviceType.Apple-Watch-Series-10-42mm",
        "state" : "Shutdown",
        "name" : "Apple Watch Series 10 (42mm)"
      },
      {
        "dataPath" : "\/Users\/runner\/Library\/Developer\/CoreSimulator\/Devices\/6F25CED5-77F5-4E06-ABD6-3934BB5F9A55\/data",
        "dataPathSize" : 4096,
        "logPath" : "\/Users\/runner\/Library\/Logs\/CoreSimulator\/6F25CED5-77F5-4E06-ABD6-3934BB5F9A55",
        "udid" : "6F25CED5-77F5-4E06-ABD6-3934BB5F9A55",
        "isAvailable" : true,
        "deviceTypeIdentifier" : "com.apple.CoreSimulator.SimDeviceType.Apple-Watch-Ultra-3-49mm",
        "state" : "Shutdown",
        "name" : "Apple Watch Ultra 3 (49mm)"
      },
      {
        "dataPath" : "\/Users\/runner\/Library\/Developer\/CoreSimulator\/Devices\/3003DCCD-789A-47AB-8CDC-E0EA2ADEC99A\/data",
        "dataPathSize" : 4096,
        "logPath" : "\/Users\/runner\/Library\/Logs\/CoreSimulator\/3003DCCD-789A-47AB-8CDC-E0EA2ADEC99A",
        "udid" : "3003DCCD-789A-47AB-8CDC-E0EA2ADEC99A",
        "isAvailable" : true,
        "deviceTypeIdentifier" : "com.apple.CoreSimulator.SimDeviceType.Apple-Watch-Ultra-2-49mm",
        "state" : "Shutdown",
        "name" : "Apple Watch Ultra 2 (49mm)"
      },
      {
        "dataPath" : "\/Users\/runner\/Library\/Developer\/CoreSimulator\/Devices\/E6F5CD49-3D63-4463-BF4F-30A09D15631C\/data",
        "dataPathSize" : 4096,
        "logPath" : "\/Users\/runner\/Library\/Logs\/CoreSimulator\/E6F5CD49-3D63-4463-BF4F-30A09D15631C",
        "udid" : "E6F5CD49-3D63-4463-BF4F-30A09D15631C",
        "isAvailable" : true,
        "deviceTypeIdentifier" : "com.apple.CoreSimulator.SimDeviceType.Apple-Watch-SE-3-44mm",
        "state" : "Shutdown",
        "name" : "Apple Watch SE 3 (44mm)"
      },
      {
        "dataPath" : "\/Users\/runner\/Library\/Developer\/CoreSimulator\/Devices\/5B96F8C0-2268-46AD-9290-BAFC7E94A298\/data",
        "dataPathSize" : 4096,
        "logPath" : "\/Users\/runner\/Library\/Logs\/CoreSimulator\/5B96F8C0-2268-46AD-9290-BAFC7E94A298",
        "udid" : "5B96F8C0-2268-46AD-9290-BAFC7E94A298",
        "isAvailable" : true,
        "deviceTypeIdentifier" : "com.apple.CoreSimulator.SimDeviceType.Apple-Watch-SE-3-40mm",
        "state" : "Shutdown",
        "name" : "Apple Watch SE 3 (40mm)"
      },
      {
        "dataPath" : "\/Users\/runner\/Library\/Developer\/CoreSimulator\/Devices\/950AFA9C-E0CA-4532-B229-3EDF0A09276C\/data",
        "dataPathSize" : 4096,
        "logPath" : "\/Users\/runner\/Library\/Logs\/CoreSimulator\/950AFA9C-E0CA-4532-B229-3EDF0A09276C",
        "udid" : "950AFA9C-E0CA-4532-B229-3EDF0A09276C",
        "isAvailable" : true,
        "deviceTypeIdentifier" : "com.apple.CoreSimulator.SimDeviceType.Apple-Watch-SE-44mm-2nd-generation",
        "state" : "Shutdown",
        "name" : "Apple Watch SE (44mm) (2nd generation)"
      },
      {
        "dataPath" : "\/Users\/runner\/Library\/Developer\/CoreSimulator\/Devices\/DA0E3B7D-DFAC-49E6-A33D-170B661892E7\/data",
        "dataPathSize" : 4096,
        "logPath" : "\/Users\/runner\/Library\/Logs\/CoreSimulator\/DA0E3B7D-DFAC-49E6-A33D-170B661892E7",
        "udid" : "DA0E3B7D-DFAC-49E6-A33D-170B661892E7",
        "isAvailable" : true,
        "deviceTypeIdentifier" : "com.apple.CoreSimulator.SimDeviceType.Apple-Watch-SE-40mm-2nd-generation",
        "state" : "Shutdown",
        "name" : "Apple Watch SE (40mm) (2nd generation)"
      }
    ],
    "com.apple.CoreSimulator.SimRuntime.tvOS-18-5" : [
      {
        "dataPath" : "\/Users\/runner\/Library\/Developer\/CoreSimulator\/Devices\/ED2B3594-DA8E-4DC7-B32C-88299CB58F68\/data",
        "dataPathSize" : 4096,
        "logPath" : "\/Users\/runner\/Library\/Logs\/CoreSimulator\/ED2B3594-DA8E-4DC7-B32C-88299CB58F68",
        "udid" : "ED2B3594-DA8E-4DC7-B32C-88299CB58F68",
        "isAvailable" : true,
        "deviceTypeIdentifier" : "com.apple.CoreSimulator.SimDeviceType.Apple-TV-4K-3rd-generation-4K",
        "state" : "Shutdown",
        "name" : "Apple TV 4K (3rd generation)"
      },
      {
        "dataPath" : "\/Users\/runner\/Library\/Developer\/CoreSimulator\/Devices\/BBD101F3-B853-452F-9D66-2BCD6CE40DF1\/data",
        "dataPathSize" : 4096,
        "logPath" : "\/Users\/runner\/Library\/Logs\/CoreSimulator\/BBD101F3-B853-452F-9D66-2BCD6CE40DF1",
        "udid" : "BBD101F3-B853-452F-9D66-2BCD6CE40DF1",
        "isAvailable" : true,
        "deviceTypeIdentifier" : "com.apple.CoreSimulator.SimDeviceType.Apple-TV-4K-3rd-generation-1080p",
        "state" : "Shutdown",
        "name" : "Apple TV 4K (3rd generation) (at 1080p)"
      },
      {
        "dataPath" : "\/Users\/runner\/Library\/Developer\/CoreSimulator\/Devices\/9D321901-4874-4778-9381-C8CB9585A5DE\/data",
        "dataPathSize" : 4096,
        "logPath" : "\/Users\/runner\/Library\/Logs\/CoreSimulator\/9D321901-4874-4778-9381-C8CB9585A5DE",
        "udid" : "9D321901-4874-4778-9381-C8CB9585A5DE",
        "isAvailable" : true,
        "deviceTypeIdentifier" : "com.apple.CoreSimulator.SimDeviceType.Apple-TV-1080p",
        "state" : "Shutdown",
        "name" : "Apple TV"
      }
    ],
    "com.apple.CoreSimulator.SimRuntime.iOS-26-2" : [
      {
        "dataPath" : "\/Users\/runner\/Library\/Developer\/CoreSimulator\/Devices\/E952A9B0-CC78-435C-BF08-06AD47FE1076\/data",
        "dataPathSize" : 18337792,
        "logPath" : "\/Users\/runner\/Library\/Logs\/CoreSimulator\/E952A9B0-CC78-435C-BF08-06AD47FE1076",
        "udid" : "E952A9B0-CC78-435C-BF08-06AD47FE1076",
        "isAvailable" : true,
        "deviceTypeIdentifier" : "com.apple.CoreSimulator.SimDeviceType.iPhone-17-Pro",
        "state" : "Shutdown",
        "name" : "iPhone 17 Pro"
      },
      {
        "dataPath" : "\/Users\/runner\/Library\/Developer\/CoreSimulator\/Devices\/4C675116-265D-488F-BFFA-836A4545674C\/data",
        "dataPathSize" : 18337792,
        "logPath" : "\/Users\/runner\/Library\/Logs\/CoreSimulator\/4C675116-265D-488F-BFFA-836A4545674C",
        "udid" : "4C675116-265D-488F-BFFA-836A4545674C",
        "isAvailable" : true,
        "deviceTypeIdentifier" : "com.apple.CoreSimulator.SimDeviceType.iPhone-17-Pro-Max",
        "state" : "Shutdown",
        "name" : "iPhone 17 Pro Max"
      },
      {
        "dataPath" : "\/Users\/runner\/Library\/Developer\/CoreSimulator\/Devices\/1CE1A334-F45C-4216-823B-EE5E6389838F\/data",
        "dataPathSize" : 18337792,
        "logPath" : "\/Users\/runner\/Library\/Logs\/CoreSimulator\/1CE1A334-F45C-4216-823B-EE5E6389838F",
        "udid" : "1CE1A334-F45C-4216-823B-EE5E6389838F",
        "isAvailable" : true,
        "deviceTypeIdentifier" : "com.apple.CoreSimulator.SimDeviceType.iPhone-Air",
        "state" : "Shutdown",
        "name" : "iPhone Air"
      },
      {
        "dataPath" : "\/Users\/runner\/Library\/Developer\/CoreSimulator\/Devices\/22970779-4A47-463E-8B6D-CC012359B320\/data",
        "dataPathSize" : 18337792,
        "logPath" : "\/Users\/runner\/Library\/Logs\/CoreSimulator\/22970779-4A47-463E-8B6D-CC012359B320",
        "udid" : "22970779-4A47-463E-8B6D-CC012359B320",
        "isAvailable" : true,
        "deviceTypeIdentifier" : "com.apple.CoreSimulator.SimDeviceType.iPhone-17",
        "state" : "Shutdown",
        "name" : "iPhone 17"
      },
      {
        "dataPath" : "\/Users\/runner\/Library\/Developer\/CoreSimulator\/Devices\/291E4B86-C951-41A7-8327-84BF0304D0A9\/data",
        "dataPathSize" : 18337792,
        "logPath" : "\/Users\/runner\/Library\/Logs\/CoreSimulator\/291E4B86-C951-41A7-8327-84BF0304D0A9",
        "udid" : "291E4B86-C951-41A7-8327-84BF0304D0A9",
        "isAvailable" : true,
        "deviceTypeIdentifier" : "com.apple.CoreSimulator.SimDeviceType.iPhone-16-Pro",
        "state" : "Shutdown",
        "name" : "iPhone 16 Pro"
      },
      {
        "dataPath" : "\/Users\/runner\/Library\/Developer\/CoreSimulator\/Devices\/9F3D563E-AF8A-4089-B32E-3ADADEB067F0\/data",
        "dataPathSize" : 18337792,
        "logPath" : "\/Users\/runner\/Library\/Logs\/CoreSimulator\/9F3D563E-AF8A-4089-B32E-3ADADEB067F0",
        "udid" : "9F3D563E-AF8A-4089-B32E-3ADADEB067F0",
        "isAvailable" : true,
        "deviceTypeIdentifier" : "com.apple.CoreSimulator.SimDeviceType.iPhone-16-Pro-Max",
        "state" : "Shutdown",
        "name" : "iPhone 16 Pro Max"
      },
      {
        "dataPath" : "\/Users\/runner\/Library\/Developer\/CoreSimulator\/Devices\/1ECD563C-BBBB-42E5-9A9F-648809113BF6\/data",
        "dataPathSize" : 18337792,
        "logPath" : "\/Users\/runner\/Library\/Logs\/CoreSimulator\/1ECD563C-BBBB-42E5-9A9F-648809113BF6",
        "udid" : "1ECD563C-BBBB-42E5-9A9F-648809113BF6",
        "isAvailable" : true,
        "deviceTypeIdentifier" : "com.apple.CoreSimulator.SimDeviceType.iPhone-16e",
        "state" : "Shutdown",
        "name" : "iPhone 16e"
      },
      {
        "dataPath" : "\/Users\/runner\/Library\/Developer\/CoreSimulator\/Devices\/2911FD29-A09E-4A81-BEA7-99A616FB7FC8\/data",
        "dataPathSize" : 18337792,
        "logPath" : "\/Users\/runner\/Library\/Logs\/CoreSimulator\/2911FD29-A09E-4A81-BEA7-99A616FB7FC8",
        "udid" : "2911FD29-A09E-4A81-BEA7-99A616FB7FC8",
        "isAvailable" : true,
        "deviceTypeIdentifier" : "com.apple.CoreSimulator.SimDeviceType.iPhone-16",
        "state" : "Shutdown",
        "name" : "iPhone 16"
      },
      {
        "dataPath" : "\/Users\/runner\/Library\/Developer\/CoreSimulator\/Devices\/CFF67BF1-533D-480D-9A76-F1EADAD339C7\/data",
        "dataPathSize" : 18337792,
        "logPath" : "\/Users\/runner\/Library\/Logs\/CoreSimulator\/CFF67BF1-533D-480D-9A76-F1EADAD339C7",
        "udid" : "CFF67BF1-533D-480D-9A76-F1EADAD339C7",
        "isAvailable" : true,
        "deviceTypeIdentifier" : "com.apple.CoreSimulator.SimDeviceType.iPhone-16-Plus",
        "state" : "Shutdown",
        "name" : "iPhone 16 Plus"
      },
      {
        "dataPath" : "\/Users\/runner\/Library\/Developer\/CoreSimulator\/Devices\/48B2DA2E-AF18-4E36-BB25-B25969A4EBCF\/data",
        "dataPathSize" : 18337792,
        "logPath" : "\/Users\/runner\/Library\/Logs\/CoreSimulator\/48B2DA2E-AF18-4E36-BB25-B25969A4EBCF",
        "udid" : "48B2DA2E-AF18-4E36-BB25-B25969A4EBCF",
        "isAvailable" : true,
        "deviceTypeIdentifier" : "com.apple.CoreSimulator.SimDeviceType.iPhone-SE-3rd-generation",
        "state" : "Shutdown",
        "name" : "iPhone SE (3rd generation)"
      },
      {
        "dataPath" : "\/Users\/runner\/Library\/Developer\/CoreSimulator\/Devices\/0DE52589-6E0B-47D4-B4A7-7E4E3D9C1049\/data",
        "dataPathSize" : 18337792,
        "logPath" : "\/Users\/runner\/Library\/Logs\/CoreSimulator\/0DE52589-6E0B-47D4-B4A7-7E4E3D9C1049",
        "udid" : "0DE52589-6E0B-47D4-B4A7-7E4E3D9C1049",
        "isAvailable" : true,
        "deviceTypeIdentifier" : "com.apple.CoreSimulator.SimDeviceType.iPad-Pro-13-inch-M5-12GB",
        "state" : "Shutdown",
        "name" : "iPad Pro 13-inch (M5)"
      },
      {
        "dataPath" : "\/Users\/runner\/Library\/Developer\/CoreSimulator\/Devices\/93F8D73D-86A4-455D-8E33-EFA55B5760E4\/data",
        "dataPathSize" : 18337792,
        "logPath" : "\/Users\/runner\/Library\/Logs\/CoreSimulator\/93F8D73D-86A4-455D-8E33-EFA55B5760E4",
        "udid" : "93F8D73D-86A4-455D-8E33-EFA55B5760E4",
        "isAvailable" : true,
        "deviceTypeIdentifier" : "com.apple.CoreSimulator.SimDeviceType.iPad-Pro-11-inch-M5-12GB",
        "state" : "Shutdown",
        "name" : "iPad Pro 11-inch (M5)"
      },
      {
        "dataPath" : "\/Users\/runner\/Library\/Developer\/CoreSimulator\/Devices\/FABE5896-BAF4-4220-8AFE-C1E31625D4DC\/data",
        "dataPathSize" : 18337792,
        "logPath" : "\/Users\/runner\/Library\/Logs\/CoreSimulator\/FABE5896-BAF4-4220-8AFE-C1E31625D4DC",
        "udid" : "FABE5896-BAF4-4220-8AFE-C1E31625D4DC",
        "isAvailable" : true,
        "deviceTypeIdentifier" : "com.apple.CoreSimulator.SimDeviceType.iPad-Pro-11-inch-M4-8GB",
        "state" : "Shutdown",
        "name" : "iPad Pro 11-inch (M4)"
      },
      {
        "dataPath" : "\/Users\/runner\/Library\/Developer\/CoreSimulator\/Devices\/5A602664-A209-462C-9B02-6E51FACDFED6\/data",
        "dataPathSize" : 18337792,
        "logPath" : "\/Users\/runner\/Library\/Logs\/CoreSimulator\/5A602664-A209-462C-9B02-6E51FACDFED6",
        "udid" : "5A602664-A209-462C-9B02-6E51FACDFED6",
        "isAvailable" : true,
        "deviceTypeIdentifier" : "com.apple.CoreSimulator.SimDeviceType.iPad-Pro-13-inch-M4-8GB",
        "state" : "Shutdown",
        "name" : "iPad Pro 13-inch (M4)"
      },
      {
        "dataPath" : "\/Users\/runner\/Library\/Developer\/CoreSimulator\/Devices\/9D9BF050-F6F5-4D32-84C0-4B7AC57F63EF\/data",
        "dataPathSize" : 18337792,
        "logPath" : "\/Users\/runner\/Library\/Logs\/CoreSimulator\/9D9BF050-F6F5-4D32-84C0-4B7AC57F63EF",
        "udid" : "9D9BF050-F6F5-4D32-84C0-4B7AC57F63EF",
        "isAvailable" : true,
        "deviceTypeIdentifier" : "com.apple.CoreSimulator.SimDeviceType.iPad-mini-A17-Pro",
        "state" : "Shutdown",
        "name" : "iPad mini (A17 Pro)"
      },
      {
        "dataPath" : "\/Users\/runner\/Library\/Developer\/CoreSimulator\/Devices\/E1D34F4A-69A6-4E07-8C9F-D5E775E2A416\/data",
        "dataPathSize" : 18337792,
        "logPath" : "\/Users\/runner\/Library\/Logs\/CoreSimulator\/E1D34F4A-69A6-4E07-8C9F-D5E775E2A416",
        "udid" : "E1D34F4A-69A6-4E07-8C9F-D5E775E2A416",
        "isAvailable" : true,
        "deviceTypeIdentifier" : "com.apple.CoreSimulator.SimDeviceType.iPad-A16",
        "state" : "Shutdown",
        "name" : "iPad (A16)"
      },
      {
        "dataPath" : "\/Users\/runner\/Library\/Developer\/CoreSimulator\/Devices\/8C025F3C-2545-40A5-AC87-FF534DB84D42\/data",
        "dataPathSize" : 18337792,
        "logPath" : "\/Users\/runner\/Library\/Logs\/CoreSimulator\/8C025F3C-2545-40A5-AC87-FF534DB84D42",
        "udid" : "8C025F3C-2545-40A5-AC87-FF534DB84D42",
        "isAvailable" : true,
        "deviceTypeIdentifier" : "com.apple.CoreSimulator.SimDeviceType.iPad-Air-13-inch-M3",
        "state" : "Shutdown",
        "name" : "iPad Air 13-inch (M3)"
      },
      {
        "dataPath" : "\/Users\/runner\/Library\/Developer\/CoreSimulator\/Devices\/EF008AE9-B743-4A49-A8AD-A27FD9CCAE52\/data",
        "dataPathSize" : 18337792,
        "logPath" : "\/Users\/runner\/Library\/Logs\/CoreSimulator\/EF008AE9-B743-4A49-A8AD-A27FD9CCAE52",
        "udid" : "EF008AE9-B743-4A49-A8AD-A27FD9CCAE52",
        "isAvailable" : true,
        "deviceTypeIdentifier" : "com.apple.CoreSimulator.SimDeviceType.iPad-Air-11-inch-M3",
        "state" : "Shutdown",
        "name" : "iPad Air 11-inch (M3)"
      },
      {
        "dataPath" : "\/Users\/runner\/Library\/Developer\/CoreSimulator\/Devices\/28EB6DDD-01F7-42F7-B1FF-56CC398818EB\/data",
        "dataPathSize" : 18337792,
        "logPath" : "\/Users\/runner\/Library\/Logs\/CoreSimulator\/28EB6DDD-01F7-42F7-B1FF-56CC398818EB",
        "udid" : "28EB6DDD-01F7-42F7-B1FF-56CC398818EB",
        "isAvailable" : true,
        "deviceTypeIdentifier" : "com.apple.CoreSimulator.SimDeviceType.iPad-Air-11-inch-M2",
        "state" : "Shutdown",
        "name" : "iPad Air 11-inch (M2)"
      },
      {
        "dataPath" : "\/Users\/runner\/Library\/Developer\/CoreSimulator\/Devices\/6235A74F-E996-4A4A-B5B9-91A8A87F50EE\/data",
        "dataPathSize" : 18337792,
        "logPath" : "\/Users\/runner\/Library\/Logs\/CoreSimulator\/6235A74F-E996-4A4A-B5B9-91A8A87F50EE",
        "udid" : "6235A74F-E996-4A4A-B5B9-91A8A87F50EE",
        "isAvailable" : true,
        "deviceTypeIdentifier" : "com.apple.CoreSimulator.SimDeviceType.iPad-Air-13-inch-M2",
        "state" : "Shutdown",
        "name" : "iPad Air 13-inch (M2)"
      },
      {
        "dataPath" : "\/Users\/runner\/Library\/Developer\/CoreSimulator\/Devices\/AC7BF8FD-BAB0-4374-A4F7-52ABA082B92E\/data",
        "dataPathSize" : 18337792,
        "logPath" : "\/Users\/runner\/Library\/Logs\/CoreSimulator\/AC7BF8FD-BAB0-4374-A4F7-52ABA082B92E",
        "udid" : "AC7BF8FD-BAB0-4374-A4F7-52ABA082B92E",
        "isAvailable" : true,
        "deviceTypeIdentifier" : "com.apple.CoreSimulator.SimDeviceType.iPad-10th-generation",
        "state" : "Shutdown",
        "name" : "iPad (10th generation)"
      }
    ],
    "com.apple.CoreSimulator.SimRuntime.xrOS-26-2" : [
      {
        "dataPath" : "\/Users\/runner\/Library\/Developer\/CoreSimulator\/Devices\/62E72748-B3EC-4F87-AAD9-DE47D54B7B63\/data",
        "dataPathSize" : 4096,
        "logPath" : "\/Users\/runner\/Library\/Logs\/CoreSimulator\/62E72748-B3EC-4F87-AAD9-DE47D54B7B63",
        "udid" : "62E72748-B3EC-4F87-AAD9-DE47D54B7B63",
        "isAvailable" : true,
        "deviceTypeIdentifier" : "com.apple.CoreSimulator.SimDeviceType.Apple-Vision-Pro-4K",
        "state" : "Shutdown",
        "name" : "Apple Vision Pro"
      }
    ]
  }
}
Selected simulator: iPhone 16e (com.apple.CoreSimulator.SimRuntime.iOS-18-5)
